[[1;34mINFO[m] Scanning for projects...
[[1;34mINFO[m] 
[[1;34mINFO[m] [1m----------------< [0;36morg.spacious-team:table-wrapper-api[0;1m >-----------------[m
[[1;34mINFO[m] [1mBuilding Table Wrapper API 2022.4[m
[[1;34mINFO[m] [1m--------------------------------[ jar ]---------------------------------[m
[[1;34mINFO[m] 
[[1;34mINFO[m] [1m--- [0;32mmaven-resources-plugin:2.6:resources[m [1m(default-resources)[m @ [36mtable-wrapper-api[0;1m ---[m
[[1;34mINFO[m] Using 'UTF-8' encoding to copy filtered resources.
[[1;34mINFO[m] skip non existing resourceDirectory /home/ubuntu/table_3/wpi_cfnullness/dataset/table-wrapper-api_post/src/main/resources
[[1;34mINFO[m] 
[[1;34mINFO[m] [1m--- [0;32mmaven-compiler-plugin:3.11.0:compile[m [1m(default-compile)[m @ [36mtable-wrapper-api[0;1m ---[m
[[1;34mINFO[m] Changes detected - recompiling the module! :source
[[1;34mINFO[m] Compiling 27 source files with javac [forked debug deprecation target 11] to target/classes
[[1;33mWARNING[m] The following options were not recognized by any processor: '[detailedmsgtex]'
[[1;33mWARNING[m] /home/ubuntu/table_3/wpi_cfnullness/dataset/table-wrapper-api_post/src/main/java/org/spacious_team/table_wrapper/api/ReportPage.java:[179,15] [nullness:return] incompatible types in return.
  type of expression: null (NullType)
  method return type: @Initialized @NonNull Object
[[1;33mWARNING[m] /home/ubuntu/table_3/wpi_cfnullness/dataset/table-wrapper-api_post/src/main/java/org/spacious_team/table_wrapper/api/ReportPage.java:[198,29] [nullness:return] incompatible types in return.
  type of expression: @Initialized @Nullable TableCell
  method return type: @Initialized @NonNull TableCell
[[1;33mWARNING[m] /home/ubuntu/table_3/wpi_cfnullness/dataset/table-wrapper-api_post/src/main/java/org/spacious_team/table_wrapper/api/MutableTableRow.java:[110,60] [nullness:assignment] incompatible types in assignment.
  found   : @Initialized @Nullable Integer
  required: @UnknownInitialization @NonNull Integer
[[1;33mWARNING[m] /home/ubuntu/table_3/wpi_cfnullness/dataset/table-wrapper-api_post/src/main/java/org/spacious_team/table_wrapper/api/CellDataAccessObject.java:[131,30] [nullness:return] incompatible types in return.
  type of expression: @Initialized @Nullable Object
  method return type: @Initialized @NonNull Object
[[1;33mWARNING[m] /home/ubuntu/table_3/wpi_cfnullness/dataset/table-wrapper-api_post/src/main/java/org/spacious_team/table_wrapper/api/AbstractTable.java:[94,80] [nullness:argument] incompatible argument for parameter array of Arrays.stream.
  found   : capture#01 extends @Initialized @NonNull TableColumnDescription @Initialized @Nullable []
  required: @Initialized @NonNull TableColumnDescription @Initialized @NonNull []
[[1;33mWARNING[m] /home/ubuntu/table_3/wpi_cfnullness/dataset/table-wrapper-api_post/src/main/java/org/spacious_team/table_wrapper/api/AbstractTable.java:[153,25] [nullness:assignment] incompatible types in assignment.
  found   : null (NullType)
  required: T extends @UnknownInitialization @NonNull Object
[[1;33mWARNING[m] /home/ubuntu/table_3/wpi_cfnullness/dataset/table-wrapper-api_post/src/main/java/org/spacious_team/table_wrapper/api/AbstractTable.java:[250,15] [nullness:return] incompatible types in return.
  type of expression: null (NullType)
  method return type: @Initialized @NonNull MutableTableRow<R extends @Initialized @NonNull ReportPageRow>
[[1;33mWARNING[m] /home/ubuntu/table_3/wpi_cfnullness/dataset/table-wrapper-api_post/src/main/java/org/spacious_team/table_wrapper/api/EmptyTableRow.java:[35,15] [nullness:return] incompatible types in return.
  type of expression: null (NullType)
  method return type: @Initialized @NonNull TableCell
[[1;33mWARNING[m] /home/ubuntu/table_3/wpi_cfnullness/dataset/table-wrapper-api_post/src/main/java/org/spacious_team/table_wrapper/api/EmptyTableRow.java:[41,15] [nullness:return] incompatible types in return.
  type of expression: null (NullType)
  method return type: @Initialized @NonNull TableCell
[[1;33mWARNING[m] /home/ubuntu/table_3/wpi_cfnullness/dataset/table-wrapper-api_post/src/main/java/org/spacious_team/table_wrapper/api/EmptyTableRow.java:[67,15] [nullness:return] incompatible types in return.
  type of expression: null (NullType)
  method return type: @Initialized @NonNull Object
[[1;34mINFO[m] [1m------------------------------------------------------------------------[m
[[1;34mINFO[m] [1;32mBUILD SUCCESS[m
[[1;34mINFO[m] [1m------------------------------------------------------------------------[m
[[1;34mINFO[m] Total time:  15.478 s
[[1;34mINFO[m] Finished at: 2025-04-11T15:16:44Z
[[1;34mINFO[m] [1m------------------------------------------------------------------------[m
