[[1;34mINFO[m] Scanning for projects...
[[1;34mINFO[m] 
[[1;34mINFO[m] [1m----------------< [0;36morg.spacious-team:table-wrapper-api[0;1m >-----------------[m
[[1;34mINFO[m] [1mBuilding Table Wrapper API 2022.4[m
[[1;34mINFO[m] [1m--------------------------------[ jar ]---------------------------------[m
[[1;34mINFO[m] 
[[1;34mINFO[m] [1m--- [0;32mmaven-resources-plugin:2.6:resources[m [1m(default-resources)[m @ [36mtable-wrapper-api[0;1m ---[m
[[1;34mINFO[m] Using 'UTF-8' encoding to copy filtered resources.
[[1;34mINFO[m] skip non existing resourceDirectory /home/ubuntu/table_3/wpi_cfnullness/dataset/table-wrapper-api_post/src/main/resources
[[1;34mINFO[m] 
[[1;34mINFO[m] [1m--- [0;32mmaven-compiler-plugin:3.11.0:compile[m [1m(default-compile)[m @ [36mtable-wrapper-api[0;1m ---[m
[[1;34mINFO[m] Changes detected - recompiling the module! :source
[[1;34mINFO[m] Compiling 27 source files with javac [forked debug deprecation target 11] to target/classes
[[1;33mWARNING[m] The following options were not recognized by any processor: '[detailedmsgtex]'
[[1;33mWARNING[m] /home/ubuntu/table_3/wpi_cfnullness/dataset/table-wrapper-api_post/src/main/java/org/spacious_team/table_wrapper/api/MutableTableRow.java:[47,15] [nullness:dereference.of.nullable] dereference of possibly-null reference row
[[1;33mWARNING[m] /home/ubuntu/table_3/wpi_cfnullness/dataset/table-wrapper-api_post/src/main/java/org/spacious_team/table_wrapper/api/MutableTableRow.java:[52,15] [nullness:dereference.of.nullable] dereference of possibly-null reference row
[[1;33mWARNING[m] /home/ubuntu/table_3/wpi_cfnullness/dataset/table-wrapper-api_post/src/main/java/org/spacious_team/table_wrapper/api/MutableTableRow.java:[57,15] [nullness:dereference.of.nullable] dereference of possibly-null reference row
[[1;33mWARNING[m] /home/ubuntu/table_3/wpi_cfnullness/dataset/table-wrapper-api_post/src/main/java/org/spacious_team/table_wrapper/api/MutableTableRow.java:[62,15] [nullness:dereference.of.nullable] dereference of possibly-null reference row
[[1;33mWARNING[m] /home/ubuntu/table_3/wpi_cfnullness/dataset/table-wrapper-api_post/src/main/java/org/spacious_team/table_wrapper/api/MutableTableRow.java:[67,15] [nullness:dereference.of.nullable] dereference of possibly-null reference row
[[1;33mWARNING[m] /home/ubuntu/table_3/wpi_cfnullness/dataset/table-wrapper-api_post/src/main/java/org/spacious_team/table_wrapper/api/MutableTableRow.java:[72,15] [nullness:dereference.of.nullable] dereference of possibly-null reference row
[[1;33mWARNING[m] /home/ubuntu/table_3/wpi_cfnullness/dataset/table-wrapper-api_post/src/main/java/org/spacious_team/table_wrapper/api/MutableTableRow.java:[77,28] [nullness:argument] incompatible argument for parameter row of CellDataAccessObject.getValue.
  found   : T extends @FBCBottom @MonotonicNonNull ReportPageRow
  required: T extends @Initialized @NonNull ReportPageRow
[[1;33mWARNING[m] /home/ubuntu/table_3/wpi_cfnullness/dataset/table-wrapper-api_post/src/main/java/org/spacious_team/table_wrapper/api/MutableTableRow.java:[81,31] [nullness:argument] incompatible argument for parameter row of CellDataAccessObject.getIntValue.
  found   : T extends @FBCBottom @MonotonicNonNull ReportPageRow
  required: T extends @Initialized @NonNull ReportPageRow
[[1;33mWARNING[m] /home/ubuntu/table_3/wpi_cfnullness/dataset/table-wrapper-api_post/src/main/java/org/spacious_team/table_wrapper/api/MutableTableRow.java:[85,32] [nullness:argument] incompatible argument for parameter row of CellDataAccessObject.getLongValue.
  found   : T extends @FBCBottom @MonotonicNonNull ReportPageRow
  required: T extends @Initialized @NonNull ReportPageRow
[[1;33mWARNING[m] /home/ubuntu/table_3/wpi_cfnullness/dataset/table-wrapper-api_post/src/main/java/org/spacious_team/table_wrapper/api/MutableTableRow.java:[89,34] [nullness:argument] incompatible argument for parameter row of CellDataAccessObject.getDoubleValue.
  found   : T extends @FBCBottom @MonotonicNonNull ReportPageRow
  required: T extends @Initialized @NonNull ReportPageRow
[[1;33mWARNING[m] /home/ubuntu/table_3/wpi_cfnullness/dataset/table-wrapper-api_post/src/main/java/org/spacious_team/table_wrapper/api/MutableTableRow.java:[93,38] [nullness:argument] incompatible argument for parameter row of CellDataAccessObject.getBigDecimalValue.
  found   : T extends @FBCBottom @MonotonicNonNull ReportPageRow
  required: T extends @Initialized @NonNull ReportPageRow
[[1;33mWARNING[m] /home/ubuntu/table_3/wpi_cfnullness/dataset/table-wrapper-api_post/src/main/java/org/spacious_team/table_wrapper/api/MutableTableRow.java:[97,34] [nullness:argument] incompatible argument for parameter row of CellDataAccessObject.getStringValue.
  found   : T extends @FBCBottom @MonotonicNonNull ReportPageRow
  required: T extends @Initialized @NonNull ReportPageRow
[[1;33mWARNING[m] /home/ubuntu/table_3/wpi_cfnullness/dataset/table-wrapper-api_post/src/main/java/org/spacious_team/table_wrapper/api/MutableTableRow.java:[101,35] [nullness:argument] incompatible argument for parameter row of CellDataAccessObject.getInstantValue.
  found   : T extends @FBCBottom @MonotonicNonNull ReportPageRow
  required: T extends @Initialized @NonNull ReportPageRow
[[1;33mWARNING[m] /home/ubuntu/table_3/wpi_cfnullness/dataset/table-wrapper-api_post/src/main/java/org/spacious_team/table_wrapper/api/MutableTableRow.java:[105,41] [nullness:argument] incompatible argument for parameter row of CellDataAccessObject.getLocalDateTimeValue.
  found   : T extends @FBCBottom @MonotonicNonNull ReportPageRow
  required: T extends @Initialized @NonNull ReportPageRow
[[1;33mWARNING[m] /home/ubuntu/table_3/wpi_cfnullness/dataset/table-wrapper-api_post/src/main/java/org/spacious_team/table_wrapper/api/MutableTableRow.java:[110,60] [nullness:assignment] incompatible types in assignment.
  found   : @Initialized @Nullable Integer
  required: @UnknownInitialization @NonNull Integer
[[1;33mWARNING[m] /home/ubuntu/table_3/wpi_cfnullness/dataset/table-wrapper-api_post/src/main/java/org/spacious_team/table_wrapper/api/CellDataAccessObject.java:[130,26] [nullness:argument] incompatible argument for parameter row of CellDataAccessObject.getCell.
  found   : R extends @Initialized @Nullable ReportPageRow
  required: R extends @Initialized @NonNull ReportPageRow
[[1;33mWARNING[m] /home/ubuntu/table_3/wpi_cfnullness/dataset/table-wrapper-api_post/src/main/java/org/spacious_team/table_wrapper/api/CellDataAccessObject.java:[139,40] [nullness:argument] incompatible argument for parameter row of CellDataAccessObject.getCell.
  found   : R extends @Initialized @Nullable ReportPageRow
  required: R extends @Initialized @NonNull ReportPageRow
[[1;33mWARNING[m] /home/ubuntu/table_3/wpi_cfnullness/dataset/table-wrapper-api_post/src/main/java/org/spacious_team/table_wrapper/api/CellDataAccessObject.java:[148,40] [nullness:argument] incompatible argument for parameter row of CellDataAccessObject.getCell.
  found   : R extends @Initialized @Nullable ReportPageRow
  required: R extends @Initialized @NonNull ReportPageRow
[[1;33mWARNING[m] /home/ubuntu/table_3/wpi_cfnullness/dataset/table-wrapper-api_post/src/main/java/org/spacious_team/table_wrapper/api/CellDataAccessObject.java:[157,40] [nullness:argument] incompatible argument for parameter row of CellDataAccessObject.getCell.
  found   : R extends @Initialized @Nullable ReportPageRow
  required: R extends @Initialized @NonNull ReportPageRow
[[1;33mWARNING[m] /home/ubuntu/table_3/wpi_cfnullness/dataset/table-wrapper-api_post/src/main/java/org/spacious_team/table_wrapper/api/CellDataAccessObject.java:[166,40] [nullness:argument] incompatible argument for parameter row of CellDataAccessObject.getCell.
  found   : R extends @Initialized @Nullable ReportPageRow
  required: R extends @Initialized @NonNull ReportPageRow
[[1;33mWARNING[m] /home/ubuntu/table_3/wpi_cfnullness/dataset/table-wrapper-api_post/src/main/java/org/spacious_team/table_wrapper/api/CellDataAccessObject.java:[175,40] [nullness:argument] incompatible argument for parameter row of CellDataAccessObject.getCell.
  found   : R extends @Initialized @Nullable ReportPageRow
  required: R extends @Initialized @NonNull ReportPageRow
[[1;33mWARNING[m] /home/ubuntu/table_3/wpi_cfnullness/dataset/table-wrapper-api_post/src/main/java/org/spacious_team/table_wrapper/api/CellDataAccessObject.java:[184,40] [nullness:argument] incompatible argument for parameter row of CellDataAccessObject.getCell.
  found   : R extends @Initialized @Nullable ReportPageRow
  required: R extends @Initialized @NonNull ReportPageRow
[[1;33mWARNING[m] /home/ubuntu/table_3/wpi_cfnullness/dataset/table-wrapper-api_post/src/main/java/org/spacious_team/table_wrapper/api/CellDataAccessObject.java:[193,40] [nullness:argument] incompatible argument for parameter row of CellDataAccessObject.getCell.
  found   : R extends @Initialized @Nullable ReportPageRow
  required: R extends @Initialized @NonNull ReportPageRow
[[1;33mWARNING[m] /home/ubuntu/table_3/wpi_cfnullness/dataset/table-wrapper-api_post/src/main/java/org/spacious_team/table_wrapper/api/TableFactory.java:[134,70] [nullness:argument] incompatible argument for parameter obj of Objects.requireNonNull.
  found   : @Initialized @Nullable TableCell
  required: @Initialized @NonNull TableCell
[[1;33mWARNING[m] /home/ubuntu/table_3/wpi_cfnullness/dataset/table-wrapper-api_post/src/main/java/org/spacious_team/table_wrapper/api/TableFactory.java:[162,70] [nullness:argument] incompatible argument for parameter obj of Objects.requireNonNull.
  found   : @Initialized @Nullable TableCell
  required: @Initialized @NonNull TableCell
[[1;33mWARNING[m] /home/ubuntu/table_3/wpi_cfnullness/dataset/table-wrapper-api_post/src/main/java/org/spacious_team/table_wrapper/api/AbstractTable.java:[94,80] [nullness:argument] incompatible argument for parameter array of Arrays.stream.
  found   : capture#01 extends @Initialized @NonNull TableColumnDescription @Initialized @Nullable []
  required: @Initialized @NonNull TableColumnDescription @Initialized @NonNull []
[[1;33mWARNING[m] /home/ubuntu/table_3/wpi_cfnullness/dataset/table-wrapper-api_post/src/main/java/org/spacious_team/table_wrapper/api/AbstractTable.java:[153,25] [nullness:assignment] incompatible types in assignment.
  found   : null (NullType)
  required: T extends @UnknownInitialization @NonNull Object
[[1;34mINFO[m] [1m------------------------------------------------------------------------[m
[[1;34mINFO[m] [1;32mBUILD SUCCESS[m
[[1;34mINFO[m] [1m------------------------------------------------------------------------[m
[[1;34mINFO[m] Total time:  16.751 s
[[1;34mINFO[m] Finished at: 2025-04-11T15:18:58Z
[[1;34mINFO[m] [1m------------------------------------------------------------------------[m
